mysql> select title,length from film where title like "%fun%" and length<120;
Empty set (0.03 sec)

mysql> select title,length from film where title like "%fun%" and length<="120";
Empty set (0.00 sec)

mysql> select title,length from film where title like "%fun%" and length<=120;
Empty set (0.00 sec)

mysql> desc film;
+------------------+----------------------+------+-----+---------+-------+
| Field            | Type                 | Null | Key | Default | Extra |
+------------------+----------------------+------+-----+---------+-------+
| film_id          | int(11)              | NO   | PRI | NULL    |       |
| title            | varchar(255)         | NO   |     | NULL    |       |
| description      | varchar(1000)        | YES  |     | NULL    |       |
| release_year     | smallint(6)          | YES  |     | NULL    |       |
| length           | smallint(5) unsigned | YES  |     | NULL    |       |
| replacement_cost | decimal(5,2)         | NO   |     | 19.99   |       |
| rating           | varchar(5)           | NO   |     | NULL    |       |
+------------------+----------------------+------+-----+---------+-------+
7 rows in set (0.01 sec)

mysql> explain create table film;
ERROR 1064 (42000): You have an error in your SQL syntax; check the manual that corresponds to your MySQL server version for the right syntax to use near 'create table film' at line 1
mysql> show create table film;
+-------+----------------------------------------------------------------------------------------------------------------------------------------------------------------------------------------------------------------------------------------------------------------------------------------------------------------------------------------------------------------------------------------+
| Table | Create Table                                                                                                                                                                                                                                                                                                                                                                           |
+-------+----------------------------------------------------------------------------------------------------------------------------------------------------------------------------------------------------------------------------------------------------------------------------------------------------------------------------------------------------------------------------------------+
| film  | CREATE TABLE `film` (
  `film_id` int(11) NOT NULL,
  `title` varchar(255) NOT NULL,
  `description` varchar(1000) DEFAULT NULL,
  `release_year` smallint(6) DEFAULT NULL,
  `length` smallint(5) unsigned DEFAULT NULL,
  `replacement_cost` decimal(5,2) NOT NULL DEFAULT '19.99',
  `rating` varchar(5) NOT NULL,
  PRIMARY KEY (`film_id`)
) ENGINE=InnoDB DEFAULT CHARSET=latin1 |
+-------+----------------------------------------------------------------------------------------------------------------------------------------------------------------------------------------------------------------------------------------------------------------------------------------------------------------------------------------------------------------------------------------+
1 row in set (0.01 sec)

mysql> explain film;
+------------------+----------------------+------+-----+---------+-------+
| Field            | Type                 | Null | Key | Default | Extra |
+------------------+----------------------+------+-----+---------+-------+
| film_id          | int(11)              | NO   | PRI | NULL    |       |
| title            | varchar(255)         | NO   |     | NULL    |       |
| description      | varchar(1000)        | YES  |     | NULL    |       |
| release_year     | smallint(6)          | YES  |     | NULL    |       |
| length           | smallint(5) unsigned | YES  |     | NULL    |       |
| replacement_cost | decimal(5,2)         | NO   |     | 19.99   |       |
| rating           | varchar(5)           | NO   |     | NULL    |       |
+------------------+----------------------+------+-----+---------+-------+
7 rows in set (0.00 sec)

mysql> select title,length from film where description like "%fun%" and length<=120;
+----------------------+--------+
| title                | length |
+----------------------+--------+
| ALONE TRIP           |     82 |
| ANYTHING SAVANNAH    |     82 |
| BEEN HIGHBALL        |    106 |
| BEDAZZLED MARRIED    |     73 |
| BLUES INSTINCT       |     50 |
| BORROWERS BEDAZZLED  |     63 |
| CLUELESS BUCKET      |     95 |
| CROWDS TELEMARK      |    112 |
| ISHTAR ROCKETEER     |     79 |
| ISLAND EXORCIST      |     84 |
| JAWS HARRY           |    112 |
| SADDLE ANTITRUST     |     80 |
| SENSE GREEK          |     54 |
| SHANGHAI TYCOON      |     47 |
| SUPERFLY TRIP        |    114 |
| UNTOUCHABLES SUNRISE |    120 |
+----------------------+--------+
16 rows in set (0.00 sec)

mysql> select title from film where title like "%a" or "%e" or "%i" or "%o" or "%u";
+-----------------------+
| title                 |
+-----------------------+
| AIRPLANE SIERRA       |
| A DOGMA               |
| COLOR PHILADELPHIA    |
| FINDING ANACONDA      |
| FIREBALL PHILADELPHIA |
| FREEDOM CLEOPATRA     |
| HELLRESCUERS SIERRA   |
| HOCUS FRIDA           |
| INSIDER ARIZONA       |
| LESSON CLEOPATRA      |
| LOW ARIZONA           |
| METROPOLIS COMA       |
| NORTH TEQUILA         |
| PARADISE SABRINA      |
| SMOKING BARBARELLA    |
| SNATCHERS MONTEZUMA   |
| SUGAR WONKA           |
| WEREWOLF LOLA         |
| WONKA SEA             |
+-----------------------+
19 rows in set, 4 warnings (0.00 sec)

mysql> select title from film where title like "%a" or title like  "%e" or title like "%i" or title like  "%o" or title like  "%u";
+------------------------+
| title                  |
+------------------------+
| A FAIR RACE            |
| AIRPLANE SIERRA        |
| ALAMO VIDEOTAPE        |
| ALICE NEVERMORE        |
| ANGELS LIFE            |
| ANTHEM LUKE            |
| APACHE DIVINE          |
| A DOGMA                |
| ARSENIC INDEPENDENCE   |
| ATLANTIS CAUSE         |
| BOY PINOCCHIO          |
| BEAUTY GREASE          |
| BIRD INDEPENDENCE      |
| BLACKOUT PRIVATE       |
| BOOGIE AMELIE          |
| BRANNIGAN SUNRISE      |
| BREAKING HOME          |
| BRIDE INTRIGUE         |
| BUBBLE GROSSE          |
| CABIN RACE             |
| CADDYSHACK JEDI        |
| CASUALTIES ENCINO      |
| CAUSE DATE             |
| CHAPLIN LICENSE        |
| CHASING RESCUE         |
| CHEAPER CLYDE          |
| CHRISTMAS MOONSHINE    |
| CLOCKWORK PARADISE     |
| CLONES PINOCCHIO       |
| CLUB GRAFFITI          |
| COLOR PHILADELPHIA     |
| COMA HEADACHE          |
| CONFESSIONS MAGUIRE    |
| CRAZY HOME             |
| CREATURES SHAKESPEARE  |
| CREEPERS KANE          |
| CROSSING DIVORCE       |
| CROW GREASE            |
| CURTAIN VIDEOTAPE      |
| DAISY MENAGERIE        |
| DANCES NONE            |
| DARES PLUTO            |
| DARKO DORADO           |
| DEEP CRUSADE           |
| DEVIL DESIRE           |
| DIRTY ACE              |
| DISTURBING SCARFACE    |
| DOLLS RAGE             |
| DRIVER ANNIE           |
| DRUMLINE CYCLONE       |
| DRUMS DYNAMITE         |
| DUFFEL APOCALYPSE      |
| EARLY HOME             |
| ELIZABETH SHANE        |
| EXCITEMENT EVE         |
| FALCON VOLUME          |
| FARGO GANDHI           |
| FEVER EMPIRE           |
| FINDING ANACONDA       |
| FIREBALL PHILADELPHIA  |
| FOREVER CANDIDATE      |
| FORWARD TEMPLE         |
| FREEDOM CLEOPATRA      |
| FUGITIVE MAGUIRE       |
| FURY FIRE              |
| GANDHI KWAI            |
| GANGS PRIDE            |
| GASLIGHT CRUSADE       |
| GENTLEMEN STAGE        |
| GO PURPLE              |
| GONE TROUBLE           |
| GOODFELLAS SALUTE      |
| GORGEOUS BINGO         |
| GOSFORD DONNIE         |
| GRACELAND DYNAMITE     |
| GRAFFITI LOVE          |
| GREEK EVERYONE         |
| GRINCH MESSAGE         |
| GUMP DATE              |
| GUN BONNIE             |
| GUNRESCUER MUSSOLINI   |
| HARRY IDAHO            |
| HELLRESCUERS SIERRA    |
| HIGH ENCINO            |
| HOCUS FRIDA            |
| HOLLY TADPOLE          |
| HOOSIERS BIRDCAGE      |
| HOPE TOOTSIE           |
| HOURS RAGE             |
| HOUSE DYNAMITE         |
| HUMAN GRAFFITI         |
| HUNCHBACK IMPOSSIBLE   |
| IDAHO LOVE             |
| ILLUSION AMELIE        |
| IMPOSSIBLE PREJUDICE   |
| INDY LOVE              |
| INFORMER DOUBLE        |
| INSECTS STONE          |
| INSIDER ARIZONA        |
| INTENTIONS EMPIRE      |
| INVASION CYCLONE       |
| ITALY SUNRISE          |
| JACKET FRISCO          |
| JEOPARDY ENCINO        |
| JUMANJI BLADE          |
| KRAMER CHOCOLATE       |
| LABYRINTH LEAGUE       |
| LADY STAGE             |
| LAMBS CINCINATTI       |
| LAWRENCE LOVE          |
| LEGEND JEDI            |
| LESSON CLEOPATRA       |
| LOW ARIZONA            |
| LOVELY JINGLE          |
| LUCKY RESCUE           |
| MADIGAN DORADO         |
| MAGUIRE APACHE         |
| MAIDEN HOME            |
| MALTESE HOPE           |
| MARRIED GO             |
| MASKED BUBBLE          |
| MESSAGE IMAGE          |
| MEET CHOCOLATE         |
| MENAGERIE RUSHMORE     |
| METROPOLIS COMA        |
| MICROCOSMOS PARADISE   |
| MILLION ACE            |
| MINOR CAPTURE          |
| MODERN DORADO          |
| MONSOON CAUSE          |
| MOULIN WAKE            |
| MOURNING PURPLE        |
| MOVIE SHAKESPEARE      |
| MUPPET MILE            |
| NAME DETECTIVE         |
| NEIGHBORS CHARADE      |
| NOON PAPI              |
| NORTH TEQUILA          |
| OCTOBER SUBMARINE      |
| ODDS BOOGIE            |
| OKLAHOMA JUMANJI       |
| OLEANDER CLUE          |
| OPPOSITE NECKLACE      |
| OPUS ICE               |
| OUTBREAK DIVINE        |
| OUTFIELD MASSACRE      |
| PINK SUBMARINE         |
| PAPI NECKLACE          |
| PARADISE SABRINA       |
| PERDITION FARGO        |
| PERFECT GROOVE         |
| PHILADELPHIA WIFE      |
| PIRATES ROXANNE        |
| PIZZA JUMANJI          |
| POLLOCK DELIVERANCE    |
| POND SEATTLE           |
| PUNK DIVORCE           |
| PURPLE MOVIE           |
| QUEEN LUKE             |
| QUEST MUSSOLINI        |
| RAGING AIRPLANE        |
| RANDOM GO              |
| RECORDS ZORRO          |
| REEF SALUTE            |
| RESURRECTION SILVERADO |
| RIDGEMONT SUBMARINE    |
| ROAD ROXANNE           |
| ROSES TREASURE         |
| RUGRATS SHAKESPEARE    |
| SAINTS BRIDE           |
| SALUTE APOLLO          |
| SATURN NAME            |
| SCARFACE BANJO         |
| SCISSORHANDS SLOPE     |
| SCORPION APOLLO        |
| SECRETARY ROUGE        |
| SECRETS PARADISE       |
| SENSIBILITY RODEO      |
| SHAKESPEARE SADDLE     |
| SHAWSHANK BUBBLE       |
| SHOW LORE              |
| SHREK LICENSE          |
| SHRUNK DIVINE          |
| SIEGE MADRE            |
| SIERRA DIVIDE          |
| SILENCE KANE           |
| SKY MIRACLE            |
| SLING LUKE             |
| SMOKING BARBARELLA     |
| SNATCHERS MONTEZUMA    |
| SPEAKEASY DATE         |
| SPLIT SCARE            |
| SPY MILE               |
| STALLION SUNDANCE      |
| STING PIE              |
| STONE FIRE             |
| STORY SIDE             |
| STRANGERS GRAFFITI     |
| STRICTLY SCARFACE      |
| SUGAR WONKA            |
| SUCCESSFUL SILENCE     |
| SUMMER SCARFACE        |
| SUNRISE LEAGUE         |
| TARZAN VIDEOTAPE       |
| TEEN APOLLO            |
| TELEGRAPH VOYAGE       |
| TIGHT ROPE             |
| TOMORROW HUSTLE        |
| TOWERS HURRICANE       |
| TRADING PINOCCHIO      |
| TROUBLE DATE           |
| TUXEDO MILE            |
| UNBREAKABLE KARATE     |
| UNTOUCHABLES SUNRISE   |
| VAMPIRE WHALE          |
| VILLAIN DESPERATE      |
| VIRGINIAN PLUTO        |
| VISION TORQUE          |
| VOLUME HOUSE           |
| WARS PLUTO             |
| WASTELAND DIVINE       |
| WATERFRONT DELIVERANCE |
| WEDDING APOLLO         |
| WEREWOLF LOLA          |
| WHALE BIKINI           |
| WILD APOLLO            |
| WINDOW SIDE            |
| WOMEN DORADO           |
| WONKA SEA              |
| WRATH MILE             |
| YENTL IDAHO            |
| YOUNG LANGUAGE         |
| ZHIVAGO CORE           |
+------------------------+
233 rows in set (0.00 sec)

mysql> select title from film where length>=120 and length<=180;
+-----------------------------+
| title                       |
+-----------------------------+
| AFRICAN EGG                 |
| AGENT TRUMAN                |
| ALAMO VIDEOTAPE             |
| ALASKA PHANTOM              |
| ALICE FOREVER               |
| ALLEY EVOLUTION             |
| AMERICAN CIRCUS             |
| ANONYMOUS HUMAN             |
| ANTITRUST TOMATOES          |
| APOLLO TEEN                 |
| ARACHNOPHOBIA ROLLERCOASTER |
| ARGONAUTS TOWN              |
| ARIZONA BOOM                |
| ARMY FLINTSTONES            |
| ARSENIC INDEPENDENCE        |
| ARTIST COLDBLOODED          |
| ATLANTIS CAUSE              |
| BABY HALL                   |
| BADMAN DAWN                 |
| BALLROOM MOCKINGBIRD        |
| BAREFOOT MANCHURIAN         |
| BEACH HEARTBREAKERS         |
| BEAR GRACELAND              |
| BEAUTY GREASE               |
| BEETHOVEN EXORCIST          |
| BETRAYED                    |
| BAT BORROWERS               |
| BINGO TALENTED              |
| BIRCH ANTITRUST             |
| BIRD INDEPENDENCE           |
| BLANKET BEVERLY             |
| BOOGIE AMELIE               |
| BORN SPINAL                 |
| BRANNIGAN SUNRISE           |
| BRAVEHEART HUMAN            |
| BREAKFAST GOLDFINGER        |
| BREAKING HOME               |
| BRINGING HYSTERICAL         |
| BROOKLYN DESERT             |
| BUCKET BROTHERHOOD          |
| BULL SHAWSHANK              |
| CALENDAR DAYS               |
| CAMPUS REMEMBER             |
| CANDLES GRAPES              |
| CAPER MOTIONS               |
| CAROL TEXAS                 |
| CASPER DRAGONFLY            |
| CASUALTIES ENCINO           |
| CAUSE DATE                  |
| CENTER DINOSAUR             |
| CHAPLIN LICENSE             |
| CHICKEN RESCUERS            |
| CHILL LUCK                  |
| CHATTY BEHAVIOR             |
| CHOCOLATE DUCK              |
| CHRISTMAS MOONSHINE         |
| CINCINATTI WHISPERER        |
| CITIZEN SHREK               |
| CLEOPATRA DEVIL             |
| CLERKS ANGELS               |
| CLOCKWORK PARADISE          |
| CLONES PINOCCHIO            |
| CLYDE THEORY                |
| COLOR PHILADELPHIA          |
| COMMAND DARLING             |
| CONFIDENTIAL INTERVIEW      |
| CONFUSED CANDLES            |
| CONNECTICUT TRAMP           |
| HELPER NUTS                 |
| CONTACT ANONYMOUS           |
| COWBOY DOOM                 |
| CRAZY HOME                  |
| CREATURES SHAKESPEARE       |
| CREEPERS KANE               |
| CROOKED FROGMEN             |
| CROSSROADS CASUALTIES       |
| CURTAIN VIDEOTAPE           |
| CYCLONE FAMILY              |
| DADDY PITTSBURGH            |
| DANCING FEVER               |
| DANGEROUS UPTOWN            |
| DARKO DORADO                |
| DARLING BREAKING            |
| DAZED PUNK                  |
| DECEIVER BETRAYED           |
| DETECTIVE VISION            |
| DIRTY ACE                   |
| DISCIPLE MOTHER             |
| DOGMA FAMILY                |
| DOLLS RAGE                  |
| DONNIE ALLEY                |
| DORADO NOTTING              |
| DOUBLE WRATH                |
| DOUBTFIRE LABYRINTH         |
| DOZEN LION                  |
| DRACULA CRYSTAL             |
| DRAGON SQUAD                |
| DRAGONFLY STRANGERS         |
| DREAM PICKUP                |
| DRIVER ANNIE                |
| DRIVING POLISH              |
| DROP WATERFRONT             |
| DUDE BLINDNESS              |
| DUFFEL APOCALYPSE           |
| DURHAM PANIC                |
| DYING MAKER                 |
| DYNAMITE TARZAN             |
| EAGLES PAIN                 |
| EASY GLADIATOR              |
| EDGE RUNNER                 |
| ELEPHANT TROY               |
| ELF MURDER                  |
| ELIZABETH SHANE             |
| EMPIRE MALKOVICH            |
| ENCINO ELF                  |
| ENOUGH RAGING               |
| ENTRAPMENT SATISFACTION     |
| ESCAPE METROPOLIS           |
| EVERYONE CRAFT              |
| EVOLUTION ALTER             |
| EXORCIST STING              |
| EXPECATIONS NATURAL         |
| EXPRESS LONELY              |
| EXTRAORDINARY HELPER        |
| EYES DRIVING                |
| FACTORY DRAGON              |
| FAMILY SWEET                |
| FANTASIA PARK               |
| FARGO GANDHI                |
| FERRIS MOTHER               |
| FEVER EMPIRE                |
| FINDING ANACONDA            |
| FIRE WOLVES                 |
| FIREBALL PHILADELPHIA       |
| FISH OPUS                   |
| FLASH WARS                  |
| FLIGHT LIES                 |
| FLINTSTONES HAPPINESS       |
| FLOATS GARDEN               |
| FOOL MOCKINGBIRD            |
| FOREVER CANDIDATE           |
| FRANKENSTEIN STRANGER       |
| FREAKY POCUS                |
| FREEDOM CLEOPATRA           |
| FURY FIRE                   |
| GABLES METROPOLIS           |
| GALAXY SWEETHEARTS          |
| GATHERING CALENDAR          |
| GENTLEMEN STAGE             |
| GILMORE BOILED              |
| GLADIATOR WESTWARD          |
| GOLD RIVER                  |
| GOLDMINE TYCOON             |
| GOSFORD DONNIE              |
| GRACELAND DYNAMITE          |
| GRADUATE LAD                |
| GRAPES FURY                 |
| GREASE YOUTH                |
| GREEDY ROOTS                |
| GREEK EVERYONE              |
| GRINCH MESSAGE              |
| GRIT CLOCKWORK              |
| GROUNDHOG UNCUT             |
| GUNRESCUER MUSSOLINI        |
| HALF OUTFIELD               |
| HAMLET WISDOM               |
| HAROLD FRENCH               |
| HARRY IDAHO                 |
| HEDWIG ALTER                |
| HOBBIT ALIEN                |
| HOCUS FRIDA                 |
| HOLES BRANNIGAN             |
| HOLLOW JEOPARDY             |
| HALODECK HIGHBALL           |
| HOMICIDE PEACH              |
| HOOSIERS BIRDCAGE           |
| HOPE TOOTSIE                |
| HORROR REIGN                |
| HOURS RAGE                  |
| HUNCHBACK IMPOSSIBLE        |
| HUNTER ALTER                |
| HYSTERICAL GRAIL            |
| ICE CROSSING                |
| IDAHO LOVE                  |
| IGBY MAKER                  |
| ILLUSION AMELIE             |
| IMAGE PRINCESS              |
| IMPACT ALADDIN              |
| INCH JET                    |
| INDEPENDENCE HOTEL          |
| INDY LOVE                   |
| INNOCENT USUAL              |
| INSECTS STONE               |
| ITALY SUNRISE               |
| JADE BUNCH                  |
| JUST A RUN                  |
| JASON TRAP                  |
| JEDI BENEATH                |
| JERICHO MULAN               |
| JERK PAYCHECK               |
| JINGLE SAGEBRUSH            |
| JUMANJI BLADE               |
| JUNGLE CLOSER               |
| KARATE MOON                 |
| KENTUCKIAN GIANT            |
| KICK SAVANNAH               |
| DEFEATER INNOCENT           |
| KISS GLORY                  |
| KEEPING DOLLS               |
| KRAMER CHOCOLATE            |
| LAMBS CINCINATTI            |
| LAWRENCE LOVE               |
| LEATHERNECKS DWARFS         |
| LESSON CLEOPATRA            |
| LIAISONS SWEET              |
| LIBERTY MAGNIFICENT         |
| LIES TREATMENT              |
| LIFE TWISTED                |
| LIGHTS DEER                 |
| LOATHING LEGALLY            |
| LOCK REAR                   |
| LOLITA WORLD                |
| LOSE INCH                   |
| LUCKY RESCUE                |
| LUCK OPUS                   |
| MADISON TRAP                |
| MADNESS ATTACKS             |
| MAGNOLIA FORRESTER          |
| MAIDEN HOME                 |
| MAJESTIC FLOATS             |
| MAKER GABLES                |
| MALKOVICH PET               |
| MALLRATS UNITED             |
| MALTESE HOPE                |
| MANCHURIAN CURTAIN          |
| MASK PEACH                  |
| MASKED BUBBLE               |
| MASSACRE USUAL              |
| MESSAGE IMAGE               |
| MENAGERIE RUSHMORE          |
| METAL ARMAGEDDON            |
| MIGHTY LUCK                 |
| MILLION ACE                 |
| MINDS TRUMAN                |
| MINE TITANS                 |
| MIRACLE VIRTUAL             |
| MISSION ZOOLANDER           |
| MIXED DOORS                 |
| MODEL FISH                  |
| MONEY HAROLD                |
| MONTEREY LABYRINTH          |
| MONTEZUMA COMMAND           |
| MOONSHINE CABIN             |
| MOTIONS DETAILS             |
| MOURNING PURPLE             |
| MULAN MOON                  |
| MULHOLLAND BEAST            |
| MUMMY CREATURES             |
| MURDER ANTITRUST            |
| MUSIC BOONDOCK              |
| MOLLUSK SPOILERS            |
| NAME DETECTIVE              |
| NASH CHOCOLAT               |
| NECKLACE OUTBREAK           |
| NEIGHBORS CHARADE           |
| NEMO CAMPUS                 |
| NEWSIES STORY               |
| NIGHTMARE CHILL             |
| NORTHWEST POLISH            |
| NOTORIOUS REUNION           |
| NUT TREES                   |
| OLEANDER CLUE               |
| OPEN AFRICAN                |
| OPERATION OPERATION         |
| ORDER BETRAYED              |
| OUTBREAK DIVINE             |
| OUTFIELD MASSACRE           |
| OUTLAW HANKY                |
| PACIFIC AMISTAD             |
| PAJAMA JAWBREAKER           |
| PAPI NECKLACE               |
| PARIS WEEKEND               |
| PAST SUNDAYS                |
| PATTON INTERVIEW            |
| PAYCHECK WAIT               |
| PEACH INNOCENT              |
| PHILADELPHIA WIFE           |
| PIANIST OUTFIELD            |
| PITTSBURGH HUNCHBACK        |
| PIZZA JUMANJI               |
| PLATOON INSTINCT            |
| POCUS PULP                  |
| POLLOCK DELIVERANCE         |
| POSEIDON FOREVER            |
| POTLUCK MIXED               |
| PRESIDENT ROBOT             |
| PSYCHO SHRUNK               |
| PURE RUNNER                 |
| QUEEN LUKE                  |
| QUEST MUSSOLINI             |
| RACER EGG                   |
| RAGE GAMES                  |
| RAGING AIRPLANE             |
| RANGE MOONWALKER            |
| REAP FAITHFUL               |
| REDEMPTION COMFORTS         |
| REEF SALUTE                 |
| REQUIEM TYCOON              |
| RIDER CADDYSHACK            |
| RIGHT CRANES                |
| RIVER OUTLAW                |
| ROAD ROXANNE                |
| ROBBERY BRIGHT              |
| ROCKETEER MOTHER            |
| ROCKY WAR                   |
| ROLLERCOASTER BRINGING      |
| ROSES TREASURE              |
| ROXANNE REBEL               |
| RULES HUMAN                 |
| RUN PACIFIC                 |
| RUSHMORE MERMAID            |
| SAINTS BRIDE                |
| SANTA PARIS                 |
| SASSY PACKER                |
| SATURDAY LAMBS              |
| SCHOOL JACKET               |
| SCISSORHANDS SLOPE          |
| SCORPION APOLLO             |
| SECRETARY ROUGE             |
| SEVEN SWARM                 |
| SHINING ROSES               |
| SHOW LORE                   |
| SHREK LICENSE               |
| SHRUNK DIVINE               |
| SIERRA DIVIDE               |
| SINNERS ATLANTIS            |
| SISTER FREDDY               |
| SKY MIRACLE                 |
| SLACKER LIAISONS            |
| SLEEPING SUSPECTS           |
| SLEEPY JONES                |
| SLIPPER FIDELITY            |
| SLUMS DUCK                  |
| SOMETHING DUCK              |
| SONG HEDWIG                 |
| SOUP WISDOM                 |
| SOUTH WAIT                  |
| SPEAKEASY DATE              |
| SPEED SUIT                  |
| SPLIT SCARE                 |
| SPINAL ROCKY                |
| SPIRIT FLINTSTONES          |
| SPIRITED CASUALTIES         |
| SPLASH SLUMP                |
| SPLENDOR PATTON             |
| SPOILERS HELLRESCUERS       |
| SQUAD FISH                  |
| STALLION SUNDANCE           |
| STEEL STEAL                 |
| STEERS ARMAGEDDON           |
| STOCK GLASS                 |
| STORY SIDE                  |
| STRAIGHT HOURS              |
| STRANGER STRANGERS          |
| STREAK RIDGEMONT            |
| STRICTLY SCARFACE           |
| SUBMARINE BOREDOM           |
| SUN CONFESSIONS             |
| SUNRISE LEAGUE              |
| SWARM GOLD                  |
| SWEDEN SHINING              |
| TADPOLE PARK                |
| TALENTED TANK               |
| TELEGRAPH VOYAGE            |
| TELEMARK HEARTBREAKERS      |
| TEXAS WATCH                 |
| THIEF PELICAN               |
| TIGHT ROPE                  |
| TOMORROW HUSTLE             |
| TOOTSIE PILOT               |
| TORQUE BOUND                |
| TOURIST PELICAN             |
| TOWERS HURRICANE            |
| TOWN ARK                    |
| TRACY CIDER                 |
| TRADING PINOCCHIO           |
| TRAFFIC HOBBIT              |
| TRAINSPOTTING STRANGERS     |
| TRAIN OTHERS                |
| TRANSLATION SUMMER          |
| TUXEDO MILE                 |
| TWISTED PIRATES             |
| UNCUT SLICES                |
| UNFORGIVEN ZOOLANDER        |
| UNITED STATUS               |
| UNTOUCHABLES SUNRISE        |
| UPRISING UPTOWN             |
| USUAL UNTOUCHABLES          |
| VACATION BOONDOCK           |
| VAMPIRE WHALE               |
| VANILLA DAY                 |
| VANISHED GARDEN             |
| VANISHING ROCKY             |
| VELVET TERMINATOR           |
| VIDEOTAPE ARSENIC           |
| VICTORY VICTOR              |
| VIRGINA DAISY               |
| VIRGINIAN PLUTO             |
| VIRTUAL SPOILERS            |
| VOICE PEACH                 |
| VOLCANO TEXAS               |
| VOLUME HOUSE                |
| WAGON JAWS                  |
| WALLS ARTIST                |
| WARDROBE PHANTOM            |
| WARS PLUTO                  |
| WASH BEHIND THE EARS        |
| WEEKEND PERSONAL            |
| WEST LION                   |
| WILLOW TRACY                |
| WOMEN DORADO                |
| WONDERFUL DROP              |
| WORKER TARZAN               |
| WORLD LEATHERNECKS          |
| WRATH MILE                  |
| WRONG BEHAVIOR              |
| YOUTH KICK                  |
+-----------------------------+
427 rows in set (0.00 sec)

mysql> select title from film where length between 120 and 180;
+-----------------------------+
| title                       |
+-----------------------------+
| AFRICAN EGG                 |
| AGENT TRUMAN                |
| ALAMO VIDEOTAPE             |
| ALASKA PHANTOM              |
| ALICE FOREVER               |
| ALLEY EVOLUTION             |
| AMERICAN CIRCUS             |
| ANONYMOUS HUMAN             |
| ANTITRUST TOMATOES          |
| APOLLO TEEN                 |
| ARACHNOPHOBIA ROLLERCOASTER |
| ARGONAUTS TOWN              |
| ARIZONA BOOM                |
| ARMY FLINTSTONES            |
| ARSENIC INDEPENDENCE        |
| ARTIST COLDBLOODED          |
| ATLANTIS CAUSE              |
| BABY HALL                   |
| BADMAN DAWN                 |
| BALLROOM MOCKINGBIRD        |
| BAREFOOT MANCHURIAN         |
| BEACH HEARTBREAKERS         |
| BEAR GRACELAND              |
| BEAUTY GREASE               |
| BEETHOVEN EXORCIST          |
| BETRAYED                    |
| BAT BORROWERS               |
| BINGO TALENTED              |
| BIRCH ANTITRUST             |
| BIRD INDEPENDENCE           |
| BLANKET BEVERLY             |
| BOOGIE AMELIE               |
| BORN SPINAL                 |
| BRANNIGAN SUNRISE           |
| BRAVEHEART HUMAN            |
| BREAKFAST GOLDFINGER        |
| BREAKING HOME               |
| BRINGING HYSTERICAL         |
| BROOKLYN DESERT             |
| BUCKET BROTHERHOOD          |
| BULL SHAWSHANK              |
| CALENDAR DAYS               |
| CAMPUS REMEMBER             |
| CANDLES GRAPES              |
| CAPER MOTIONS               |
| CAROL TEXAS                 |
| CASPER DRAGONFLY            |
| CASUALTIES ENCINO           |
| CAUSE DATE                  |
| CENTER DINOSAUR             |
| CHAPLIN LICENSE             |
| CHICKEN RESCUERS            |
| CHILL LUCK                  |
| CHATTY BEHAVIOR             |
| CHOCOLATE DUCK              |
| CHRISTMAS MOONSHINE         |
| CINCINATTI WHISPERER        |
| CITIZEN SHREK               |
| CLEOPATRA DEVIL             |
| CLERKS ANGELS               |
| CLOCKWORK PARADISE          |
| CLONES PINOCCHIO            |
| CLYDE THEORY                |
| COLOR PHILADELPHIA          |
| COMMAND DARLING             |
| CONFIDENTIAL INTERVIEW      |
| CONFUSED CANDLES            |
| CONNECTICUT TRAMP           |
| HELPER NUTS                 |
| CONTACT ANONYMOUS           |
| COWBOY DOOM                 |
| CRAZY HOME                  |
| CREATURES SHAKESPEARE       |
| CREEPERS KANE               |
| CROOKED FROGMEN             |
| CROSSROADS CASUALTIES       |
| CURTAIN VIDEOTAPE           |
| CYCLONE FAMILY              |
| DADDY PITTSBURGH            |
| DANCING FEVER               |
| DANGEROUS UPTOWN            |
| DARKO DORADO                |
| DARLING BREAKING            |
| DAZED PUNK                  |
| DECEIVER BETRAYED           |
| DETECTIVE VISION            |
| DIRTY ACE                   |
| DISCIPLE MOTHER             |
| DOGMA FAMILY                |
| DOLLS RAGE                  |
| DONNIE ALLEY                |
| DORADO NOTTING              |
| DOUBLE WRATH                |
| DOUBTFIRE LABYRINTH         |
| DOZEN LION                  |
| DRACULA CRYSTAL             |
| DRAGON SQUAD                |
| DRAGONFLY STRANGERS         |
| DREAM PICKUP                |
| DRIVER ANNIE                |
| DRIVING POLISH              |
| DROP WATERFRONT             |
| DUDE BLINDNESS              |
| DUFFEL APOCALYPSE           |
| DURHAM PANIC                |
| DYING MAKER                 |
| DYNAMITE TARZAN             |
| EAGLES PAIN                 |
| EASY GLADIATOR              |
| EDGE RUNNER                 |
| ELEPHANT TROY               |
| ELF MURDER                  |
| ELIZABETH SHANE             |
| EMPIRE MALKOVICH            |
| ENCINO ELF                  |
| ENOUGH RAGING               |
| ENTRAPMENT SATISFACTION     |
| ESCAPE METROPOLIS           |
| EVERYONE CRAFT              |
| EVOLUTION ALTER             |
| EXORCIST STING              |
| EXPECATIONS NATURAL         |
| EXPRESS LONELY              |
| EXTRAORDINARY HELPER        |
| EYES DRIVING                |
| FACTORY DRAGON              |
| FAMILY SWEET                |
| FANTASIA PARK               |
| FARGO GANDHI                |
| FERRIS MOTHER               |
| FEVER EMPIRE                |
| FINDING ANACONDA            |
| FIRE WOLVES                 |
| FIREBALL PHILADELPHIA       |
| FISH OPUS                   |
| FLASH WARS                  |
| FLIGHT LIES                 |
| FLINTSTONES HAPPINESS       |
| FLOATS GARDEN               |
| FOOL MOCKINGBIRD            |
| FOREVER CANDIDATE           |
| FRANKENSTEIN STRANGER       |
| FREAKY POCUS                |
| FREEDOM CLEOPATRA           |
| FURY FIRE                   |
| GABLES METROPOLIS           |
| GALAXY SWEETHEARTS          |
| GATHERING CALENDAR          |
| GENTLEMEN STAGE             |
| GILMORE BOILED              |
| GLADIATOR WESTWARD          |
| GOLD RIVER                  |
| GOLDMINE TYCOON             |
| GOSFORD DONNIE              |
| GRACELAND DYNAMITE          |
| GRADUATE LAD                |
| GRAPES FURY                 |
| GREASE YOUTH                |
| GREEDY ROOTS                |
| GREEK EVERYONE              |
| GRINCH MESSAGE              |
| GRIT CLOCKWORK              |
| GROUNDHOG UNCUT             |
| GUNRESCUER MUSSOLINI        |
| HALF OUTFIELD               |
| HAMLET WISDOM               |
| HAROLD FRENCH               |
| HARRY IDAHO                 |
| HEDWIG ALTER                |
| HOBBIT ALIEN                |
| HOCUS FRIDA                 |
| HOLES BRANNIGAN             |
| HOLLOW JEOPARDY             |
| HALODECK HIGHBALL           |
| HOMICIDE PEACH              |
| HOOSIERS BIRDCAGE           |
| HOPE TOOTSIE                |
| HORROR REIGN                |
| HOURS RAGE                  |
| HUNCHBACK IMPOSSIBLE        |
| HUNTER ALTER                |
| HYSTERICAL GRAIL            |
| ICE CROSSING                |
| IDAHO LOVE                  |
| IGBY MAKER                  |
| ILLUSION AMELIE             |
| IMAGE PRINCESS              |
| IMPACT ALADDIN              |
| INCH JET                    |
| INDEPENDENCE HOTEL          |
| INDY LOVE                   |
| INNOCENT USUAL              |
| INSECTS STONE               |
| ITALY SUNRISE               |
| JADE BUNCH                  |
| JUST A RUN                  |
| JASON TRAP                  |
| JEDI BENEATH                |
| JERICHO MULAN               |
| JERK PAYCHECK               |
| JINGLE SAGEBRUSH            |
| JUMANJI BLADE               |
| JUNGLE CLOSER               |
| KARATE MOON                 |
| KENTUCKIAN GIANT            |
| KICK SAVANNAH               |
| DEFEATER INNOCENT           |
| KISS GLORY                  |
| KEEPING DOLLS               |
| KRAMER CHOCOLATE            |
| LAMBS CINCINATTI            |
| LAWRENCE LOVE               |
| LEATHERNECKS DWARFS         |
| LESSON CLEOPATRA            |
| LIAISONS SWEET              |
| LIBERTY MAGNIFICENT         |
| LIES TREATMENT              |
| LIFE TWISTED                |
| LIGHTS DEER                 |
| LOATHING LEGALLY            |
| LOCK REAR                   |
| LOLITA WORLD                |
| LOSE INCH                   |
| LUCKY RESCUE                |
| LUCK OPUS                   |
| MADISON TRAP                |
| MADNESS ATTACKS             |
| MAGNOLIA FORRESTER          |
| MAIDEN HOME                 |
| MAJESTIC FLOATS             |
| MAKER GABLES                |
| MALKOVICH PET               |
| MALLRATS UNITED             |
| MALTESE HOPE                |
| MANCHURIAN CURTAIN          |
| MASK PEACH                  |
| MASKED BUBBLE               |
| MASSACRE USUAL              |
| MESSAGE IMAGE               |
| MENAGERIE RUSHMORE          |
| METAL ARMAGEDDON            |
| MIGHTY LUCK                 |
| MILLION ACE                 |
| MINDS TRUMAN                |
| MINE TITANS                 |
| MIRACLE VIRTUAL             |
| MISSION ZOOLANDER           |
| MIXED DOORS                 |
| MODEL FISH                  |
| MONEY HAROLD                |
| MONTEREY LABYRINTH          |
| MONTEZUMA COMMAND           |
| MOONSHINE CABIN             |
| MOTIONS DETAILS             |
| MOURNING PURPLE             |
| MULAN MOON                  |
| MULHOLLAND BEAST            |
| MUMMY CREATURES             |
| MURDER ANTITRUST            |
| MUSIC BOONDOCK              |
| MOLLUSK SPOILERS            |
| NAME DETECTIVE              |
| NASH CHOCOLAT               |
| NECKLACE OUTBREAK           |
| NEIGHBORS CHARADE           |
| NEMO CAMPUS                 |
| NEWSIES STORY               |
| NIGHTMARE CHILL             |
| NORTHWEST POLISH            |
| NOTORIOUS REUNION           |
| NUT TREES                   |
| OLEANDER CLUE               |
| OPEN AFRICAN                |
| OPERATION OPERATION         |
| ORDER BETRAYED              |
| OUTBREAK DIVINE             |
| OUTFIELD MASSACRE           |
| OUTLAW HANKY                |
| PACIFIC AMISTAD             |
| PAJAMA JAWBREAKER           |
| PAPI NECKLACE               |
| PARIS WEEKEND               |
| PAST SUNDAYS                |
| PATTON INTERVIEW            |
| PAYCHECK WAIT               |
| PEACH INNOCENT              |
| PHILADELPHIA WIFE           |
| PIANIST OUTFIELD            |
| PITTSBURGH HUNCHBACK        |
| PIZZA JUMANJI               |
| PLATOON INSTINCT            |
| POCUS PULP                  |
| POLLOCK DELIVERANCE         |
| POSEIDON FOREVER            |
| POTLUCK MIXED               |
| PRESIDENT ROBOT             |
| PSYCHO SHRUNK               |
| PURE RUNNER                 |
| QUEEN LUKE                  |
| QUEST MUSSOLINI             |
| RACER EGG                   |
| RAGE GAMES                  |
| RAGING AIRPLANE             |
| RANGE MOONWALKER            |
| REAP FAITHFUL               |
| REDEMPTION COMFORTS         |
| REEF SALUTE                 |
| REQUIEM TYCOON              |
| RIDER CADDYSHACK            |
| RIGHT CRANES                |
| RIVER OUTLAW                |
| ROAD ROXANNE                |
| ROBBERY BRIGHT              |
| ROCKETEER MOTHER            |
| ROCKY WAR                   |
| ROLLERCOASTER BRINGING      |
| ROSES TREASURE              |
| ROXANNE REBEL               |
| RULES HUMAN                 |
| RUN PACIFIC                 |
| RUSHMORE MERMAID            |
| SAINTS BRIDE                |
| SANTA PARIS                 |
| SASSY PACKER                |
| SATURDAY LAMBS              |
| SCHOOL JACKET               |
| SCISSORHANDS SLOPE          |
| SCORPION APOLLO             |
| SECRETARY ROUGE             |
| SEVEN SWARM                 |
| SHINING ROSES               |
| SHOW LORE                   |
| SHREK LICENSE               |
| SHRUNK DIVINE               |
| SIERRA DIVIDE               |
| SINNERS ATLANTIS            |
| SISTER FREDDY               |
| SKY MIRACLE                 |
| SLACKER LIAISONS            |
| SLEEPING SUSPECTS           |
| SLEEPY JONES                |
| SLIPPER FIDELITY            |
| SLUMS DUCK                  |
| SOMETHING DUCK              |
| SONG HEDWIG                 |
| SOUP WISDOM                 |
| SOUTH WAIT                  |
| SPEAKEASY DATE              |
| SPEED SUIT                  |
| SPLIT SCARE                 |
| SPINAL ROCKY                |
| SPIRIT FLINTSTONES          |
| SPIRITED CASUALTIES         |
| SPLASH SLUMP                |
| SPLENDOR PATTON             |
| SPOILERS HELLRESCUERS       |
| SQUAD FISH                  |
| STALLION SUNDANCE           |
| STEEL STEAL                 |
| STEERS ARMAGEDDON           |
| STOCK GLASS                 |
| STORY SIDE                  |
| STRAIGHT HOURS              |
| STRANGER STRANGERS          |
| STREAK RIDGEMONT            |
| STRICTLY SCARFACE           |
| SUBMARINE BOREDOM           |
| SUN CONFESSIONS             |
| SUNRISE LEAGUE              |
| SWARM GOLD                  |
| SWEDEN SHINING              |
| TADPOLE PARK                |
| TALENTED TANK               |
| TELEGRAPH VOYAGE            |
| TELEMARK HEARTBREAKERS      |
| TEXAS WATCH                 |
| THIEF PELICAN               |
| TIGHT ROPE                  |
| TOMORROW HUSTLE             |
| TOOTSIE PILOT               |
| TORQUE BOUND                |
| TOURIST PELICAN             |
| TOWERS HURRICANE            |
| TOWN ARK                    |
| TRACY CIDER                 |
| TRADING PINOCCHIO           |
| TRAFFIC HOBBIT              |
| TRAINSPOTTING STRANGERS     |
| TRAIN OTHERS                |
| TRANSLATION SUMMER          |
| TUXEDO MILE                 |
| TWISTED PIRATES             |
| UNCUT SLICES                |
| UNFORGIVEN ZOOLANDER        |
| UNITED STATUS               |
| UNTOUCHABLES SUNRISE        |
| UPRISING UPTOWN             |
| USUAL UNTOUCHABLES          |
| VACATION BOONDOCK           |
| VAMPIRE WHALE               |
| VANILLA DAY                 |
| VANISHED GARDEN             |
| VANISHING ROCKY             |
| VELVET TERMINATOR           |
| VIDEOTAPE ARSENIC           |
| VICTORY VICTOR              |
| VIRGINA DAISY               |
| VIRGINIAN PLUTO             |
| VIRTUAL SPOILERS            |
| VOICE PEACH                 |
| VOLCANO TEXAS               |
| VOLUME HOUSE                |
| WAGON JAWS                  |
| WALLS ARTIST                |
| WARDROBE PHANTOM            |
| WARS PLUTO                  |
| WASH BEHIND THE EARS        |
| WEEKEND PERSONAL            |
| WEST LION                   |
| WILLOW TRACY                |
| WOMEN DORADO                |
| WONDERFUL DROP              |
| WORKER TARZAN               |
| WORLD LEATHERNECKS          |
| WRATH MILE                  |
| WRONG BEHAVIOR              |
| YOUTH KICK                  |
+-----------------------------+
427 rows in set (0.00 sec)

mysql> select title, length from film where title like "%river% and rating in ("PG","PG-13");
    "> select title, length from film where title like "%river% and rating in (PG,PG-13);
ERROR 1064 (42000): You have an error in your SQL syntax; check the manual that corresponds to your MySQL server version for the right syntax to use near 'PG","PG-13");
select title, length from film where title like "%river% and ratin' at line 1
mysql> desc film;
+------------------+----------------------+------+-----+---------+-------+
| Field            | Type                 | Null | Key | Default | Extra |
+------------------+----------------------+------+-----+---------+-------+
| film_id          | int(11)              | NO   | PRI | NULL    |       |
| title            | varchar(255)         | NO   |     | NULL    |       |
| description      | varchar(1000)        | YES  |     | NULL    |       |
| release_year     | smallint(6)          | YES  |     | NULL    |       |
| length           | smallint(5) unsigned | YES  |     | NULL    |       |
| replacement_cost | decimal(5,2)         | NO   |     | 19.99   |       |
| rating           | varchar(5)           | NO   |     | NULL    |       |
+------------------+----------------------+------+-----+---------+-------+
7 rows in set (0.00 sec)

mysql> select title, length from film where title like "%river% and rating in ("PG","PG-13");
    "> 